2026-10-03 00:03:35 - INFO - [] - c.s.c.WalletControllerIntegrationTest - Starting WalletControllerIntegrationTest using Java 17.0.20.1 with PID 6000 (started by DELL in C:\Projects\Neurowallet-fintech-backend)
2026-10-03 00:03:36 - DEBUG - [] - c.s.c.WalletControllerIntegrationTest - Running with Spring Boot v3.4.12, Spring v6.2.14
2026-10-03 00:03:36 - INFO - [] - c.s.c.WalletControllerIntegrationTest - No active profile set, falling back to 1 default profile: "default"
2026-10-03 00:03:43 - INFO - [] - o.s.d.r.c.RepositoryConfigurationDelegate - Multiple Spring Data modules found, entering strict repository configuration mode
2026-10-03 00:03:43 - INFO - [] - o.s.d.r.c.RepositoryConfigurationDelegate - Bootstrapping Spring Data JPA repositories in DEFAULT mode.
2026-10-03 00:03:43 - INFO - [] - o.s.d.r.c.RepositoryConfigurationDelegate - Finished Spring Data repository scanning in 567 ms. Found 10 JPA repository interfaces.
2026-10-03 00:03:43 - INFO - [] - o.s.d.r.c.RepositoryConfigurationDelegate - Multiple Spring Data modules found, entering strict repository configuration mode
2026-10-03 00:03:43 - INFO - [] - o.s.d.r.c.RepositoryConfigurationDelegate - Bootstrapping Spring Data Redis repositories in DEFAULT mode.
2026-10-03 00:03:43 - INFO - [] - o.s.d.r.c.RepositoryConfigurationExtensionSupport - Spring Data Redis - Could not safely identify store assignment for repository candidate interface com.smartwallet.repository.AuditLogRepository; If you want this repository to be a Redis repository, consider annotating your entities with one of these annotations: org.springframework.data.redis.core.RedisHash (preferred), or consider extending one of the following types with your repository: org.springframework.data.keyvalue.repository.KeyValueRepository
2026-10-03 00:03:43 - INFO - [] - o.s.d.r.c.RepositoryConfigurationExtensionSupport - Spring Data Redis - Could not safely identify store assignment for repository candidate interface com.smartwallet.repository.NotificationRepository; If you want this repository to be a Redis repository, consider annotating your entities with one of these annotations: org.springframework.data.redis.core.RedisHash (preferred), or consider extending one of the following types with your repository: org.springframework.data.keyvalue.repository.KeyValueRepository
2026-10-03 00:03:43 - INFO - [] - o.s.d.r.c.RepositoryConfigurationExtensionSupport - Spring Data Redis - Could not safely identify store assignment for repository candidate interface com.smartwallet.repository.OtpRepository; If you want this repository to be a Redis repository, consider annotating your entities with one of these annotations: org.springframework.data.redis.core.RedisHash (preferred), or consider extending one of the following types with your repository: org.springframework.data.keyvalue.repository.KeyValueRepository
2026-10-03 00:03:43 - INFO - [] - o.s.d.r.c.RepositoryConfigurationExtensionSupport - Spring Data Redis - Could not safely identify store assignment for repository candidate interface com.smartwallet.repository.PasswordResetTokenRepository; If you want this repository to be a Redis repository, consider annotating your entities with one of these annotations: org.springframework.data.redis.core.RedisHash (preferred), or consider extending one of the following types with your repository: org.springframework.data.keyvalue.repository.KeyValueRepository
2026-10-03 00:03:43 - INFO - [] - o.s.d.r.c.RepositoryConfigurationExtensionSupport - Spring Data Redis - Could not safely identify store assignment for repository candidate interface com.smartwallet.repository.RefreshTokenRepository; If you want this repository to be a Redis repository, consider annotating your entities with one of these annotations: org.springframework.data.redis.core.RedisHash (preferred), or consider extending one of the following types with your repository: org.springframework.data.keyvalue.repository.KeyValueRepository
2026-10-03 00:03:43 - INFO - [] - o.s.d.r.c.RepositoryConfigurationExtensionSupport - Spring Data Redis - Could not safely identify store assignment for repository candidate interface com.smartwallet.repository.ScheduledTransactionRepository; If you want this repository to be a Redis repository, consider annotating your entities with one of these annotations: org.springframework.data.redis.core.RedisHash (preferred), or consider extending one of the following types with your repository: org.springframework.data.keyvalue.repository.KeyValueRepository
2026-10-03 00:03:43 - INFO - [] - o.s.d.r.c.RepositoryConfigurationExtensionSupport - Spring Data Redis - Could not safely identify store assignment for repository candidate interface com.smartwallet.repository.TransactionRepository; If you want this repository to be a Redis repository, consider annotating your entities with one of these annotations: org.springframework.data.redis.core.RedisHash (preferred), or consider extending one of the following types with your repository: org.springframework.data.keyvalue.repository.KeyValueRepository
2026-10-03 00:03:43 - INFO - [] - o.s.d.r.c.RepositoryConfigurationExtensionSupport - Spring Data Redis - Could not safely identify store assignment for repository candidate interface com.smartwallet.repository.UserRepository; If you want this repository to be a Redis repository, consider annotating your entities with one of these annotations: org.springframework.data.redis.core.RedisHash (preferred), or consider extending one of the following types with your repository: org.springframework.data.keyvalue.repository.KeyValueRepository
2026-10-03 00:03:43 - INFO - [] - o.s.d.r.c.RepositoryConfigurationExtensionSupport - Spring Data Redis - Could not safely identify store assignment for repository candidate interface com.smartwallet.repository.WalletRepository; If you want this repository to be a Redis repository, consider annotating your entities with one of these annotations: org.springframework.data.redis.core.RedisHash (preferred), or consider extending one of the following types with your repository: org.springframework.data.keyvalue.repository.KeyValueRepository
2026-10-03 00:03:43 - INFO - [] - o.s.d.r.c.RepositoryConfigurationExtensionSupport - Spring Data Redis - Could not safely identify store assignment for repository candidate interface com.smartwallet.repository.WalletTransactionRepository; If you want this repository to be a Redis repository, consider annotating your entities with one of these annotations: org.springframework.data.redis.core.RedisHash (preferred), or consider extending one of the following types with your repository: org.springframework.data.keyvalue.repository.KeyValueRepository
2026-10-03 00:03:43 - INFO - [] - o.s.d.r.c.RepositoryConfigurationDelegate - Finished Spring Data repository scanning in 44 ms. Found 0 Redis repository interfaces.
2026-10-03 00:03:46 - INFO - [] - o.h.jpa.internal.util.LogHelper - HHH000204: Processing PersistenceUnitInfo [name: default]
2026-10-03 00:03:47 - INFO - [] - org.hibernate.Version - HHH000412: Hibernate ORM core version 6.6.36.Final
2026-10-03 00:03:47 - INFO - [] - o.h.c.i.RegionFactoryInitiator - HHH000026: Second-level cache disabled
2026-10-03 00:03:49 - INFO - [] - o.s.o.j.p.SpringPersistenceUnitInfo - No LoadTimeWeaver setup: ignoring JPA class transformer
2026-10-03 00:03:49 - INFO - [] - com.zaxxer.hikari.HikariDataSource - HikariPool-1 - Starting...
2026-10-03 00:03:50 - INFO - [] - com.zaxxer.hikari.pool.HikariPool - HikariPool-1 - Added connection com.mysql.cj.jdbc.ConnectionImpl@2f03fdc0
2026-10-03 00:03:50 - INFO - [] - com.zaxxer.hikari.HikariDataSource - HikariPool-1 - Start completed.
2026-10-03 00:03:51 - INFO - [] - o.hibernate.orm.connections.pooling - HHH10001005: Database info:
	Database JDBC URL [Connecting through datasource 'HikariDataSource (HikariPool-1)']
	Database driver: undefined/unknown
	Database version: 8.4.11
	Autocommit mode: undefined/unknown
	Isolation level: undefined/unknown
	Minimum pool size: undefined/unknown
	Maximum pool size: undefined/unknown
2026-10-03 00:03:55 - INFO - [] - o.h.e.t.j.p.i.JtaPlatformInitiator - HHH000489: No JTA platform available (set 'hibernate.transaction.jta.platform' to enable JTA platform integration)
2026-10-03 00:03:55 - INFO - [] - o.s.o.j.LocalContainerEntityManagerFactoryBean - Initialized JPA EntityManagerFactory for persistence unit 'default'
2026-10-03 00:03:56 - INFO - [] - o.s.d.j.r.query.QueryEnhancerFactory - Hibernate is in classpath; If applicable, HQL parser will be used.
2026-10-03 00:04:02 - INFO - [] - o.s.s.c.a.a.c.InitializeUserDetailsBeanManagerConfigurer$InitializeUserDetailsManagerConfigurer - Global AuthenticationManager configured with UserDetailsService bean with name customUserDetailsService
2026-10-03 00:04:05 - INFO - [] - o.s.b.a.e.web.EndpointLinksResolver - Exposing 3 endpoints beneath base path '/actuator'
2026-10-03 00:04:11 - DEBUG - [] - c.s.f.RequestResponseLoggingFilter - Filter 'requestResponseLoggingFilter' configured for use
2026-10-03 00:04:11 - DEBUG - [] - com.smartwallet.security.JwtFilter - Filter 'jwtFilter' configured for use
2026-10-03 00:04:11 - INFO - [] - o.s.b.t.m.w.SpringBootMockServletContext - Initializing Spring TestDispatcherServlet ''
2026-10-03 00:04:11 - INFO - [] - o.s.t.w.s.TestDispatcherServlet - Initializing Servlet ''
2026-10-03 00:04:11 - INFO - [] - o.s.t.w.s.TestDispatcherServlet - Completed initialization in 4 ms
2026-10-03 00:04:12 - INFO - [] - c.s.c.WalletControllerIntegrationTest - Started WalletControllerIntegrationTest in 38.12 seconds (process running for 41.294)
2026-10-03 00:04:16 - INFO - [] - o.s.t.c.s.AnnotationConfigContextLoaderUtils - Could not detect default configuration classes for test class [com.smartwallet.integration.AuthControllerIntegrationTest]: AuthControllerIntegrationTest does not declare any static, non-private, non-final, nested classes annotated with @Configuration.
2026-10-03 00:04:17 - INFO - [] - o.s.t.c.s.AnnotationConfigContextLoaderUtils - Could not detect default configuration classes for test class [com.smartwallet.integration.LoginControllerIntegrationTest]: LoginControllerIntegrationTest does not declare any static, non-private, non-final, nested classes annotated with @Configuration.
2026-10-03 00:04:17 - INFO - [] - o.s.t.c.s.AnnotationConfigContextLoaderUtils - Could not detect default configuration classes for test class [com.smartwallet.integration.TransactionControllerIntegrationTest]: TransactionControllerIntegrationTest does not declare any static, non-private, non-final, nested classes annotated with @Configuration.
2026-10-03 00:04:18 - INFO - [] - o.s.t.c.s.AnnotationConfigContextLoaderUtils - Could not detect default configuration classes for test class [com.smartwallet.integration.UserControllerIntegrationTest]: UserControllerIntegrationTest does not declare any static, non-private, non-final, nested classes annotated with @Configuration.
2026-10-03 00:04:23 - INFO - [] - o.s.o.j.LocalContainerEntityManagerFactoryBean - Closing JPA EntityManagerFactory for persistence unit 'default'
2026-10-03 00:04:23 - INFO - [] - com.zaxxer.hikari.HikariDataSource - HikariPool-1 - Shutdown initiated...
2026-10-03 00:04:23 - INFO - [] - com.zaxxer.hikari.HikariDataSource - HikariPool-1 - Shutdown completed.
2026-10-03 00:04:35 - INFO - [] - c.s.SmartwalletRestApiApplication - Starting SmartwalletRestApiApplication using Java 17.0.20.1 with PID 12336 (C:\Projects\Neurowallet-fintech-backend\target\classes started by DELL in C:\Projects\Neurowallet-fintech-backend)
2026-10-03 00:04:35 - DEBUG - [] - c.s.SmartwalletRestApiApplication - Running with Spring Boot v3.4.12, Spring v6.2.14
2026-10-03 00:04:35 - INFO - [] - c.s.SmartwalletRestApiApplication - No active profile set, falling back to 1 default profile: "default"
2026-10-03 00:04:39 - INFO - [] - o.s.d.r.c.RepositoryConfigurationDelegate - Multiple Spring Data modules found, entering strict repository configuration mode
2026-10-03 00:04:39 - INFO - [] - o.s.d.r.c.RepositoryConfigurationDelegate - Bootstrapping Spring Data JPA repositories in DEFAULT mode.
2026-10-03 00:04:40 - INFO - [] - o.s.d.r.c.RepositoryConfigurationDelegate - Finished Spring Data repository scanning in 601 ms. Found 10 JPA repository interfaces.
2026-10-03 00:04:40 - INFO - [] - o.s.d.r.c.RepositoryConfigurationDelegate - Multiple Spring Data modules found, entering strict repository configuration mode
2026-10-03 00:04:40 - INFO - [] - o.s.d.r.c.RepositoryConfigurationDelegate - Bootstrapping Spring Data Redis repositories in DEFAULT mode.
2026-10-03 00:04:40 - INFO - [] - o.s.d.r.c.RepositoryConfigurationExtensionSupport - Spring Data Redis - Could not safely identify store assignment for repository candidate interface com.smartwallet.repository.AuditLogRepository; If you want this repository to be a Redis repository, consider annotating your entities with one of these annotations: org.springframework.data.redis.core.RedisHash (preferred), or consider extending one of the following types with your repository: org.springframework.data.keyvalue.repository.KeyValueRepository
2026-10-03 00:04:40 - INFO - [] - o.s.d.r.c.RepositoryConfigurationExtensionSupport - Spring Data Redis - Could not safely identify store assignment for repository candidate interface com.smartwallet.repository.NotificationRepository; If you want this repository to be a Redis repository, consider annotating your entities with one of these annotations: org.springframework.data.redis.core.RedisHash (preferred), or consider extending one of the following types with your repository: org.springframework.data.keyvalue.repository.KeyValueRepository
2026-10-03 00:04:40 - INFO - [] - o.s.d.r.c.RepositoryConfigurationExtensionSupport - Spring Data Redis - Could not safely identify store assignment for repository candidate interface com.smartwallet.repository.OtpRepository; If you want this repository to be a Redis repository, consider annotating your entities with one of these annotations: org.springframework.data.redis.core.RedisHash (preferred), or consider extending one of the following types with your repository: org.springframework.data.keyvalue.repository.KeyValueRepository
2026-10-03 00:04:40 - INFO - [] - o.s.d.r.c.RepositoryConfigurationExtensionSupport - Spring Data Redis - Could not safely identify store assignment for repository candidate interface com.smartwallet.repository.PasswordResetTokenRepository; If you want this repository to be a Redis repository, consider annotating your entities with one of these annotations: org.springframework.data.redis.core.RedisHash (preferred), or consider extending one of the following types with your repository: org.springframework.data.keyvalue.repository.KeyValueRepository
2026-10-03 00:04:40 - INFO - [] - o.s.d.r.c.RepositoryConfigurationExtensionSupport - Spring Data Redis - Could not safely identify store assignment for repository candidate interface com.smartwallet.repository.RefreshTokenRepository; If you want this repository to be a Redis repository, consider annotating your entities with one of these annotations: org.springframework.data.redis.core.RedisHash (preferred), or consider extending one of the following types with your repository: org.springframework.data.keyvalue.repository.KeyValueRepository
2026-10-03 00:04:40 - INFO - [] - o.s.d.r.c.RepositoryConfigurationExtensionSupport - Spring Data Redis - Could not safely identify store assignment for repository candidate interface com.smartwallet.repository.ScheduledTransactionRepository; If you want this repository to be a Redis repository, consider annotating your entities with one of these annotations: org.springframework.data.redis.core.RedisHash (preferred), or consider extending one of the following types with your repository: org.springframework.data.keyvalue.repository.KeyValueRepository
2026-10-03 00:04:40 - INFO - [] - o.s.d.r.c.RepositoryConfigurationExtensionSupport - Spring Data Redis - Could not safely identify store assignment for repository candidate interface com.smartwallet.repository.TransactionRepository; If you want this repository to be a Redis repository, consider annotating your entities with one of these annotations: org.springframework.data.redis.core.RedisHash (preferred), or consider extending one of the following types with your repository: org.springframework.data.keyvalue.repository.KeyValueRepository
2026-10-03 00:04:40 - INFO - [] - o.s.d.r.c.RepositoryConfigurationExtensionSupport - Spring Data Redis - Could not safely identify store assignment for repository candidate interface com.smartwallet.repository.UserRepository; If you want this repository to be a Redis repository, consider annotating your entities with one of these annotations: org.springframework.data.redis.core.RedisHash (preferred), or consider extending one of the following types with your repository: org.springframework.data.keyvalue.repository.KeyValueRepository
2026-10-03 00:04:40 - INFO - [] - o.s.d.r.c.RepositoryConfigurationExtensionSupport - Spring Data Redis - Could not safely identify store assignment for repository candidate interface com.smartwallet.repository.WalletRepository; If you want this repository to be a Redis repository, consider annotating your entities with one of these annotations: org.springframework.data.redis.core.RedisHash (preferred), or consider extending one of the following types with your repository: org.springframework.data.keyvalue.repository.KeyValueRepository
2026-10-03 00:04:40 - INFO - [] - o.s.d.r.c.RepositoryConfigurationExtensionSupport - Spring Data Redis - Could not safely identify store assignment for repository candidate interface com.smartwallet.repository.WalletTransactionRepository; If you want this repository to be a Redis repository, consider annotating your entities with one of these annotations: org.springframework.data.redis.core.RedisHash (preferred), or consider extending one of the following types with your repository: org.springframework.data.keyvalue.repository.KeyValueRepository
2026-10-03 00:04:40 - INFO - [] - o.s.d.r.c.RepositoryConfigurationDelegate - Finished Spring Data repository scanning in 95 ms. Found 0 Redis repository interfaces.
2026-10-03 00:04:43 - INFO - [] - o.s.b.w.e.tomcat.TomcatWebServer - Tomcat initialized with port 8080 (http)
2026-10-03 00:04:43 - INFO - [] - o.a.catalina.core.StandardService - Starting service [Tomcat]
2026-10-03 00:04:43 - INFO - [] - o.a.catalina.core.StandardEngine - Starting Servlet engine: [Apache Tomcat/10.1.49]
2026-10-03 00:04:44 - INFO - [] - o.a.c.c.C.[Tomcat].[localhost].[/] - Initializing Spring embedded WebApplicationContext
2026-10-03 00:04:44 - INFO - [] - o.s.b.w.s.c.ServletWebServerApplicationContext - Root WebApplicationContext: initialization completed in 8696 ms
2026-10-03 00:04:45 - INFO - [] - o.h.jpa.internal.util.LogHelper - HHH000204: Processing PersistenceUnitInfo [name: default]
2026-10-03 00:04:45 - INFO - [] - org.hibernate.Version - HHH000412: Hibernate ORM core version 6.6.36.Final
2026-10-03 00:04:46 - INFO - [] - o.h.c.i.RegionFactoryInitiator - HHH000026: Second-level cache disabled
2026-10-03 00:04:47 - INFO - [] - o.s.o.j.p.SpringPersistenceUnitInfo - No LoadTimeWeaver setup: ignoring JPA class transformer
2026-10-03 00:04:47 - INFO - [] - com.zaxxer.hikari.HikariDataSource - HikariPool-1 - Starting...
2026-10-03 00:04:48 - INFO - [] - com.zaxxer.hikari.pool.HikariPool - HikariPool-1 - Added connection com.mysql.cj.jdbc.ConnectionImpl@67aaf882
2026-10-03 00:04:48 - INFO - [] - com.zaxxer.hikari.HikariDataSource - HikariPool-1 - Start completed.
2026-10-03 00:04:48 - INFO - [] - o.hibernate.orm.connections.pooling - HHH10001005: Database info:
	Database JDBC URL [Connecting through datasource 'HikariDataSource (HikariPool-1)']
	Database driver: undefined/unknown
	Database version: 8.4.11
	Autocommit mode: undefined/unknown
	Isolation level: undefined/unknown
	Minimum pool size: undefined/unknown
	Maximum pool size: undefined/unknown
2026-10-03 00:04:53 - INFO - [] - o.h.e.t.j.p.i.JtaPlatformInitiator - HHH000489: No JTA platform available (set 'hibernate.transaction.jta.platform' to enable JTA platform integration)
2026-10-03 00:04:53 - INFO - [] - o.s.o.j.LocalContainerEntityManagerFactoryBean - Initialized JPA EntityManagerFactory for persistence unit 'default'
2026-10-03 00:04:55 - DEBUG - [] - com.smartwallet.security.JwtFilter - Filter 'jwtFilter' configured for use
2026-10-03 00:04:55 - DEBUG - [] - c.s.f.RequestResponseLoggingFilter - Filter 'requestResponseLoggingFilter' configured for use
2026-10-03 00:04:55 - INFO - [] - o.s.d.j.r.query.QueryEnhancerFactory - Hibernate is in classpath; If applicable, HQL parser will be used.
2026-10-03 00:05:17 - INFO - [] - c.s.c.WalletControllerIntegrationTest - Starting WalletControllerIntegrationTest using Java 17.0.20.1 with PID 18688 (started by DELL in C:\Projects\Neurowallet-fintech-backend)
2026-10-03 00:05:17 - DEBUG - [] - c.s.c.WalletControllerIntegrationTest - Running with Spring Boot v3.4.12, Spring v6.2.14
2026-10-03 00:05:17 - INFO - [] - c.s.c.WalletControllerIntegrationTest - No active profile set, falling back to 1 default profile: "default"
2026-10-03 00:05:21 - INFO - [] - o.s.d.r.c.RepositoryConfigurationDelegate - Multiple Spring Data modules found, entering strict repository configuration mode
2026-10-03 00:05:21 - INFO - [] - o.s.d.r.c.RepositoryConfigurationDelegate - Bootstrapping Spring Data JPA repositories in DEFAULT mode.
2026-10-03 00:05:22 - INFO - [] - o.s.d.r.c.RepositoryConfigurationDelegate - Finished Spring Data repository scanning in 367 ms. Found 10 JPA repository interfaces.
2026-10-03 00:05:22 - INFO - [] - o.s.d.r.c.RepositoryConfigurationDelegate - Multiple Spring Data modules found, entering strict repository configuration mode
2026-10-03 00:05:22 - INFO - [] - o.s.d.r.c.RepositoryConfigurationDelegate - Bootstrapping Spring Data Redis repositories in DEFAULT mode.
2026-10-03 00:05:22 - INFO - [] - o.s.d.r.c.RepositoryConfigurationExtensionSupport - Spring Data Redis - Could not safely identify store assignment for repository candidate interface com.smartwallet.repository.AuditLogRepository; If you want this repository to be a Redis repository, consider annotating your entities with one of these annotations: org.springframework.data.redis.core.RedisHash (preferred), or consider extending one of the following types with your repository: org.springframework.data.keyvalue.repository.KeyValueRepository
2026-10-03 00:05:22 - INFO - [] - o.s.d.r.c.RepositoryConfigurationExtensionSupport - Spring Data Redis - Could not safely identify store assignment for repository candidate interface com.smartwallet.repository.NotificationRepository; If you want this repository to be a Redis repository, consider annotating your entities with one of these annotations: org.springframework.data.redis.core.RedisHash (preferred), or consider extending one of the following types with your repository: org.springframework.data.keyvalue.repository.KeyValueRepository
2026-10-03 00:05:22 - INFO - [] - o.s.d.r.c.RepositoryConfigurationExtensionSupport - Spring Data Redis - Could not safely identify store assignment for repository candidate interface com.smartwallet.repository.OtpRepository; If you want this repository to be a Redis repository, consider annotating your entities with one of these annotations: org.springframework.data.redis.core.RedisHash (preferred), or consider extending one of the following types with your repository: org.springframework.data.keyvalue.repository.KeyValueRepository
2026-10-03 00:05:22 - INFO - [] - o.s.d.r.c.RepositoryConfigurationExtensionSupport - Spring Data Redis - Could not safely identify store assignment for repository candidate interface com.smartwallet.repository.PasswordResetTokenRepository; If you want this repository to be a Redis repository, consider annotating your entities with one of these annotations: org.springframework.data.redis.core.RedisHash (preferred), or consider extending one of the following types with your repository: org.springframework.data.keyvalue.repository.KeyValueRepository
2026-10-03 00:05:22 - INFO - [] - o.s.d.r.c.RepositoryConfigurationExtensionSupport - Spring Data Redis - Could not safely identify store assignment for repository candidate interface com.smartwallet.repository.RefreshTokenRepository; If you want this repository to be a Redis repository, consider annotating your entities with one of these annotations: org.springframework.data.redis.core.RedisHash (preferred), or consider extending one of the following types with your repository: org.springframework.data.keyvalue.repository.KeyValueRepository
2026-10-03 00:05:22 - INFO - [] - o.s.d.r.c.RepositoryConfigurationExtensionSupport - Spring Data Redis - Could not safely identify store assignment for repository candidate interface com.smartwallet.repository.ScheduledTransactionRepository; If you want this repository to be a Redis repository, consider annotating your entities with one of these annotations: org.springframework.data.redis.core.RedisHash (preferred), or consider extending one of the following types with your repository: org.springframework.data.keyvalue.repository.KeyValueRepository
2026-10-03 00:05:22 - INFO - [] - o.s.d.r.c.RepositoryConfigurationExtensionSupport - Spring Data Redis - Could not safely identify store assignment for repository candidate interface com.smartwallet.repository.TransactionRepository; If you want this repository to be a Redis repository, consider annotating your entities with one of these annotations: org.springframework.data.redis.core.RedisHash (preferred), or consider extending one of the following types with your repository: org.springframework.data.keyvalue.repository.KeyValueRepository
2026-10-03 00:05:22 - INFO - [] - o.s.d.r.c.RepositoryConfigurationExtensionSupport - Spring Data Redis - Could not safely identify store assignment for repository candidate interface com.smartwallet.repository.UserRepository; If you want this repository to be a Redis repository, consider annotating your entities with one of these annotations: org.springframework.data.redis.core.RedisHash (preferred), or consider extending one of the following types with your repository: org.springframework.data.keyvalue.repository.KeyValueRepository
2026-10-03 00:05:22 - INFO - [] - o.s.d.r.c.RepositoryConfigurationExtensionSupport - Spring Data Redis - Could not safely identify store assignment for repository candidate interface com.smartwallet.repository.WalletRepository; If you want this repository to be a Redis repository, consider annotating your entities with one of these annotations: org.springframework.data.redis.core.RedisHash (preferred), or consider extending one of the following types with your repository: org.springframework.data.keyvalue.repository.KeyValueRepository
2026-10-03 00:05:22 - INFO - [] - o.s.d.r.c.RepositoryConfigurationExtensionSupport - Spring Data Redis - Could not safely identify store assignment for repository candidate interface com.smartwallet.repository.WalletTransactionRepository; If you want this repository to be a Redis repository, consider annotating your entities with one of these annotations: org.springframework.data.redis.core.RedisHash (preferred), or consider extending one of the following types with your repository: org.springframework.data.keyvalue.repository.KeyValueRepository
2026-10-03 00:05:22 - INFO - [] - o.s.d.r.c.RepositoryConfigurationDelegate - Finished Spring Data repository scanning in 67 ms. Found 0 Redis repository interfaces.
2026-10-03 00:05:24 - INFO - [] - o.h.jpa.internal.util.LogHelper - HHH000204: Processing PersistenceUnitInfo [name: default]
2026-10-03 00:05:24 - INFO - [] - org.hibernate.Version - HHH000412: Hibernate ORM core version 6.6.36.Final
2026-10-03 00:05:24 - INFO - [] - o.h.c.i.RegionFactoryInitiator - HHH000026: Second-level cache disabled
2026-10-03 00:05:25 - INFO - [] - o.s.o.j.p.SpringPersistenceUnitInfo - No LoadTimeWeaver setup: ignoring JPA class transformer
2026-10-03 00:05:25 - INFO - [] - com.zaxxer.hikari.HikariDataSource - HikariPool-1 - Starting...
2026-10-03 00:05:26 - INFO - [] - com.zaxxer.hikari.pool.HikariPool - HikariPool-1 - Added connection com.mysql.cj.jdbc.ConnectionImpl@5b8b9b2d
2026-10-03 00:05:26 - INFO - [] - com.zaxxer.hikari.HikariDataSource - HikariPool-1 - Start completed.
2026-10-03 00:05:26 - INFO - [] - o.hibernate.orm.connections.pooling - HHH10001005: Database info:
	Database JDBC URL [Connecting through datasource 'HikariDataSource (HikariPool-1)']
	Database driver: undefined/unknown
	Database version: 8.4.11
	Autocommit mode: undefined/unknown
	Isolation level: undefined/unknown
	Minimum pool size: undefined/unknown
	Maximum pool size: undefined/unknown
2026-10-03 00:05:29 - INFO - [] - o.h.e.t.j.p.i.JtaPlatformInitiator - HHH000489: No JTA platform available (set 'hibernate.transaction.jta.platform' to enable JTA platform integration)
2026-10-03 00:05:29 - INFO - [] - o.s.o.j.LocalContainerEntityManagerFactoryBean - Initialized JPA EntityManagerFactory for persistence unit 'default'
2026-10-03 00:05:30 - INFO - [] - o.s.d.j.r.query.QueryEnhancerFactory - Hibernate is in classpath; If applicable, HQL parser will be used.
2026-10-03 00:05:33 - INFO - [] - o.s.s.c.a.a.c.InitializeUserDetailsBeanManagerConfigurer$InitializeUserDetailsManagerConfigurer - Global AuthenticationManager configured with UserDetailsService bean with name customUserDetailsService
2026-10-03 00:05:34 - INFO - [] - o.s.b.a.e.web.EndpointLinksResolver - Exposing 3 endpoints beneath base path '/actuator'
2026-10-03 00:05:37 - DEBUG - [] - c.s.f.RequestResponseLoggingFilter - Filter 'requestResponseLoggingFilter' configured for use
2026-10-03 00:05:37 - DEBUG - [] - com.smartwallet.security.JwtFilter - Filter 'jwtFilter' configured for use
2026-10-03 00:05:37 - INFO - [] - o.s.b.t.m.w.SpringBootMockServletContext - Initializing Spring TestDispatcherServlet ''
2026-10-03 00:05:37 - INFO - [] - o.s.t.w.s.TestDispatcherServlet - Initializing Servlet ''
2026-10-03 00:05:37 - INFO - [] - o.s.t.w.s.TestDispatcherServlet - Completed initialization in 4 ms
2026-10-03 00:05:38 - INFO - [] - c.s.c.WalletControllerIntegrationTest - Started WalletControllerIntegrationTest in 21.915 seconds (process running for 24.653)
2026-10-03 00:05:41 - INFO - [017cc52d-72ef-4792-8ffc-b59b65bfcb85] - c.s.f.RequestResponseLoggingFilter - Request started: POST /api/wallet/add-money
2026-10-03 00:05:41 - INFO - [017cc52d-72ef-4792-8ffc-b59b65bfcb85] - c.smartwallet.service.WalletService - Add money request received for user: testuser@gmail.com, amount: 500
2026-10-03 00:05:41 - DEBUG - [017cc52d-72ef-4792-8ffc-b59b65bfcb85] - c.s.service.WalletCacheService - Wallet cache cleared for user: testuser@gmail.com
2026-10-03 00:05:43 - INFO - [017cc52d-72ef-4792-8ffc-b59b65bfcb85] - c.smartwallet.service.WalletService - Money added successfully for user: testuser@gmail.com, new balance: 28000.00
2026-10-03 00:05:43 - INFO - [017cc52d-72ef-4792-8ffc-b59b65bfcb85] - c.s.f.RequestResponseLoggingFilter - Request completed: POST /api/wallet/add-money - Status: 200 - Duration: 2648 ms
2026-10-03 00:05:43 - INFO - [] - o.s.t.c.s.AnnotationConfigContextLoaderUtils - Could not detect default configuration classes for test class [com.smartwallet.integration.AuthControllerIntegrationTest]: AuthControllerIntegrationTest does not declare any static, non-private, non-final, nested classes annotated with @Configuration.
2026-10-03 00:05:44 - INFO - [] - o.s.b.t.c.SpringBootTestContextBootstrapper - Found @SpringBootConfiguration com.smartwallet.SmartwalletRestApiApplication for test class com.smartwallet.integration.AuthControllerIntegrationTest
2026-10-03 00:05:45 - INFO - [4e9a9217-6939-49f5-a9f4-22b082cd5a8c] - c.s.f.RequestResponseLoggingFilter - Request started: POST /api/wallet/add-money
2026-10-03 00:05:45 - INFO - [4e9a9217-6939-49f5-a9f4-22b082cd5a8c] - c.smartwallet.service.WalletService - Add money request received for user: integration@test.com, amount: 500
2026-10-03 00:05:45 - DEBUG - [4e9a9217-6939-49f5-a9f4-22b082cd5a8c] - c.s.service.WalletCacheService - Wallet cache cleared for user: integration@test.com
2026-10-03 00:05:45 - INFO - [4e9a9217-6939-49f5-a9f4-22b082cd5a8c] - c.smartwallet.service.WalletService - Money added successfully for user: integration@test.com, new balance: 25000.00
2026-10-03 00:05:45 - INFO - [4e9a9217-6939-49f5-a9f4-22b082cd5a8c] - c.s.f.RequestResponseLoggingFilter - Request completed: POST /api/wallet/add-money - Status: 200 - Duration: 394 ms
2026-10-03 00:05:45 - INFO - [4ec2d75f-abc7-4583-9463-2f59c5795ffa] - c.s.f.RequestResponseLoggingFilter - Request started: GET /swagger-ui/index.html
2026-10-03 00:05:45 - INFO - [4ec2d75f-abc7-4583-9463-2f59c5795ffa] - c.s.f.RequestResponseLoggingFilter - Request completed: GET /swagger-ui/index.html - Status: 200 - Duration: 51 ms
2026-10-03 00:05:45 - INFO - [] - o.s.t.c.s.AnnotationConfigContextLoaderUtils - Could not detect default configuration classes for test class [com.smartwallet.integration.LoginControllerIntegrationTest]: LoginControllerIntegrationTest does not declare any static, non-private, non-final, nested classes annotated with @Configuration.
2026-10-03 00:05:45 - INFO - [] - o.s.b.t.c.SpringBootTestContextBootstrapper - Found @SpringBootConfiguration com.smartwallet.SmartwalletRestApiApplication for test class com.smartwallet.integration.LoginControllerIntegrationTest
2026-10-03 00:05:45 - INFO - [d8fc5be6-0e3a-48c4-af78-02f0502c069b] - c.s.f.RequestResponseLoggingFilter - Request started: POST /api/auth/login
2026-10-03 00:05:45 - INFO - [d8fc5be6-0e3a-48c4-af78-02f0502c069b] - com.smartwallet.service.AuthService - Login request received
2026-10-03 00:05:46 - INFO - [d8fc5be6-0e3a-48c4-af78-02f0502c069b] - com.smartwallet.service.AuthService - Login successful
2026-10-03 00:05:46 - INFO - [d8fc5be6-0e3a-48c4-af78-02f0502c069b] - c.s.f.RequestResponseLoggingFilter - Request completed: POST /api/auth/login - Status: 200 - Duration: 259 ms
2026-10-03 00:05:46 - INFO - [] - o.s.t.c.s.AnnotationConfigContextLoaderUtils - Could not detect default configuration classes for test class [com.smartwallet.integration.TransactionControllerIntegrationTest]: TransactionControllerIntegrationTest does not declare any static, non-private, non-final, nested classes annotated with @Configuration.
2026-10-03 00:05:46 - INFO - [] - o.s.b.t.c.SpringBootTestContextBootstrapper - Found @SpringBootConfiguration com.smartwallet.SmartwalletRestApiApplication for test class com.smartwallet.integration.TransactionControllerIntegrationTest
2026-10-03 00:05:46 - INFO - [8c3491e6-a534-4428-8202-42400186a4e5] - c.s.f.RequestResponseLoggingFilter - Request started: POST /api/transactions/send
2026-10-03 00:05:46 - INFO - [8c3491e6-a534-4428-8202-42400186a4e5] - c.s.service.TransactionService - Transaction processing started
2026-10-03 00:05:46 - INFO - [8c3491e6-a534-4428-8202-42400186a4e5] - c.s.service.TransactionService - Transaction saved with PENDING status
2026-10-03 00:05:46 - INFO - [8c3491e6-a534-4428-8202-42400186a4e5] - c.s.service.TransactionService - Wallet balances updated successfully for sender and receiver
2026-10-03 00:05:46 - INFO - [8c3491e6-a534-4428-8202-42400186a4e5] - c.s.service.TransactionService - Transaction status updated to SUCCESS
2026-10-03 00:05:46 - DEBUG - [8c3491e6-a534-4428-8202-42400186a4e5] - c.s.service.WalletCacheService - Wallet cache cleared for user: integration@test.com
2026-10-03 00:05:46 - DEBUG - [8c3491e6-a534-4428-8202-42400186a4e5] - c.s.service.WalletCacheService - Wallet cache cleared for user: rahul@gmail.com
2026-10-03 00:05:46 - INFO - [8c3491e6-a534-4428-8202-42400186a4e5] - c.s.service.TransactionService - Wallet cache cleared for sender and receiver
2026-10-03 00:05:46 - INFO - [8c3491e6-a534-4428-8202-42400186a4e5] - c.s.kafka.TransactionEventProducer - Preparing Kafka transaction event for publishing
2026-10-03 00:05:46 - INFO - [8c3491e6-a534-4428-8202-42400186a4e5] - c.s.f.RequestResponseLoggingFilter - Request completed: POST /api/transactions/send - Status: 200 - Duration: 359 ms
2026-10-03 00:05:46 - INFO - [33038d9b-e466-476b-88d5-bbd1a8f32e00] - c.s.f.RequestResponseLoggingFilter - Request started: GET /api/transactions/history
2026-10-03 00:05:46 - INFO - [33038d9b-e466-476b-88d5-bbd1a8f32e00] - c.s.service.TransactionService - Fetching transaction history. Page: 0, Size: 5
2026-10-03 00:05:46 - WARN - [33038d9b-e466-476b-88d5-bbd1a8f32e00] - o.s.d.w.c.SpringDataJacksonConfiguration$PageModule$WarningLoggingModifier - Serializing PageImpl instances as-is is not supported, meaning that there is no guarantee about the stability of the resulting JSON structure!
	For a stable JSON structure, please use Spring Data's PagedModel (globally via @EnableSpringDataWebSupport(pageSerializationMode = VIA_DTO))
	or Spring HATEOAS and Spring Data's PagedResourcesAssembler as documented in https://docs.spring.io/spring-data/commons/reference/repositories/core-extensions.html#core.web.pageables.

2026-10-03 00:05:46 - INFO - [33038d9b-e466-476b-88d5-bbd1a8f32e00] - c.s.f.RequestResponseLoggingFilter - Request completed: GET /api/transactions/history - Status: 200 - Duration: 82 ms
2026-10-03 00:05:46 - INFO - [] - o.s.t.c.s.AnnotationConfigContextLoaderUtils - Could not detect default configuration classes for test class [com.smartwallet.integration.UserControllerIntegrationTest]: UserControllerIntegrationTest does not declare any static, non-private, non-final, nested classes annotated with @Configuration.
2026-10-03 00:05:46 - INFO - [] - o.s.b.t.c.SpringBootTestContextBootstrapper - Found @SpringBootConfiguration com.smartwallet.SmartwalletRestApiApplication for test class com.smartwallet.integration.UserControllerIntegrationTest
2026-10-03 00:05:46 - INFO - [4f8d591e-6b0e-4e24-8141-edd30419ed19] - c.s.f.RequestResponseLoggingFilter - Request started: POST /api/users/register
2026-10-03 00:05:46 - INFO - [] - c.s.kafka.TransactionEventProducer - Kafka transaction event published successfully. Topic: transaction-events, Partition: 0, Offset: 6
2026-10-03 00:05:46 - INFO - [] - c.s.service.TransactionService - Transaction event successfully published to Kafka
2026-10-03 00:05:46 - INFO - [] - c.s.kafka.TransactionEventConsumer - Kafka event received from transaction-events topic
2026-10-03 00:05:46 - INFO - [] - c.s.kafka.TransactionEventConsumer - Received Kafka message: {"senderEmail":"integration@test.com","receiverEmail":"rahul@gmail.com","amount":100,"status":"SUCCESS","timestamp":"2026-10-03T00:05:46.3638265"}
2026-10-03 00:05:46 - INFO - [] - c.s.kafka.TransactionEventConsumer - Notification service processed transaction event successfully
2026-10-03 00:05:46 - INFO - [4f8d591e-6b0e-4e24-8141-edd30419ed19] - c.s.f.RequestResponseLoggingFilter - Request completed: POST /api/users/register - Status: 200 - Duration: 32 ms
2026-10-03 00:05:49 - INFO - [] - o.s.o.j.LocalContainerEntityManagerFactoryBean - Closing JPA EntityManagerFactory for persistence unit 'default'
2026-10-03 00:05:49 - INFO - [] - com.zaxxer.hikari.HikariDataSource - HikariPool-1 - Shutdown initiated...
2026-10-03 00:05:49 - INFO - [] - com.zaxxer.hikari.HikariDataSource - HikariPool-1 - Shutdown completed.
2026-10-03 00:06:40 - INFO - [] - c.s.SmartwalletRestApiApplication - Starting SmartwalletRestApiApplication using Java 17.0.20.1 with PID 16036 (C:\Projects\Neurowallet-fintech-backend\target\classes started by DELL in C:\Projects\Neurowallet-fintech-backend)
2026-10-03 00:06:40 - DEBUG - [] - c.s.SmartwalletRestApiApplication - Running with Spring Boot v3.4.12, Spring v6.2.14
2026-10-03 00:06:40 - INFO - [] - c.s.SmartwalletRestApiApplication - No active profile set, falling back to 1 default profile: "default"
2026-10-03 00:06:44 - INFO - [] - o.s.d.r.c.RepositoryConfigurationDelegate - Multiple Spring Data modules found, entering strict repository configuration mode
2026-10-03 00:06:44 - INFO - [] - o.s.d.r.c.RepositoryConfigurationDelegate - Bootstrapping Spring Data JPA repositories in DEFAULT mode.
2026-10-03 00:06:44 - INFO - [] - o.s.d.r.c.RepositoryConfigurationDelegate - Finished Spring Data repository scanning in 372 ms. Found 10 JPA repository interfaces.
2026-10-03 00:06:44 - INFO - [] - o.s.d.r.c.RepositoryConfigurationDelegate - Multiple Spring Data modules found, entering strict repository configuration mode
2026-10-03 00:06:44 - INFO - [] - o.s.d.r.c.RepositoryConfigurationDelegate - Bootstrapping Spring Data Redis repositories in DEFAULT mode.
2026-10-03 00:06:44 - INFO - [] - o.s.d.r.c.RepositoryConfigurationExtensionSupport - Spring Data Redis - Could not safely identify store assignment for repository candidate interface com.smartwallet.repository.AuditLogRepository; If you want this repository to be a Redis repository, consider annotating your entities with one of these annotations: org.springframework.data.redis.core.RedisHash (preferred), or consider extending one of the following types with your repository: org.springframework.data.keyvalue.repository.KeyValueRepository
2026-10-03 00:06:44 - INFO - [] - o.s.d.r.c.RepositoryConfigurationExtensionSupport - Spring Data Redis - Could not safely identify store assignment for repository candidate interface com.smartwallet.repository.NotificationRepository; If you want this repository to be a Redis repository, consider annotating your entities with one of these annotations: org.springframework.data.redis.core.RedisHash (preferred), or consider extending one of the following types with your repository: org.springframework.data.keyvalue.repository.KeyValueRepository
2026-10-03 00:06:44 - INFO - [] - o.s.d.r.c.RepositoryConfigurationExtensionSupport - Spring Data Redis - Could not safely identify store assignment for repository candidate interface com.smartwallet.repository.OtpRepository; If you want this repository to be a Redis repository, consider annotating your entities with one of these annotations: org.springframework.data.redis.core.RedisHash (preferred), or consider extending one of the following types with your repository: org.springframework.data.keyvalue.repository.KeyValueRepository
2026-10-03 00:06:44 - INFO - [] - o.s.d.r.c.RepositoryConfigurationExtensionSupport - Spring Data Redis - Could not safely identify store assignment for repository candidate interface com.smartwallet.repository.PasswordResetTokenRepository; If you want this repository to be a Redis repository, consider annotating your entities with one of these annotations: org.springframework.data.redis.core.RedisHash (preferred), or consider extending one of the following types with your repository: org.springframework.data.keyvalue.repository.KeyValueRepository
2026-10-03 00:06:44 - INFO - [] - o.s.d.r.c.RepositoryConfigurationExtensionSupport - Spring Data Redis - Could not safely identify store assignment for repository candidate interface com.smartwallet.repository.RefreshTokenRepository; If you want this repository to be a Redis repository, consider annotating your entities with one of these annotations: org.springframework.data.redis.core.RedisHash (preferred), or consider extending one of the following types with your repository: org.springframework.data.keyvalue.repository.KeyValueRepository
2026-10-03 00:06:44 - INFO - [] - o.s.d.r.c.RepositoryConfigurationExtensionSupport - Spring Data Redis - Could not safely identify store assignment for repository candidate interface com.smartwallet.repository.ScheduledTransactionRepository; If you want this repository to be a Redis repository, consider annotating your entities with one of these annotations: org.springframework.data.redis.core.RedisHash (preferred), or consider extending one of the following types with your repository: org.springframework.data.keyvalue.repository.KeyValueRepository
2026-10-03 00:06:44 - INFO - [] - o.s.d.r.c.RepositoryConfigurationExtensionSupport - Spring Data Redis - Could not safely identify store assignment for repository candidate interface com.smartwallet.repository.TransactionRepository; If you want this repository to be a Redis repository, consider annotating your entities with one of these annotations: org.springframework.data.redis.core.RedisHash (preferred), or consider extending one of the following types with your repository: org.springframework.data.keyvalue.repository.KeyValueRepository
2026-10-03 00:06:44 - INFO - [] - o.s.d.r.c.RepositoryConfigurationExtensionSupport - Spring Data Redis - Could not safely identify store assignment for repository candidate interface com.smartwallet.repository.UserRepository; If you want this repository to be a Redis repository, consider annotating your entities with one of these annotations: org.springframework.data.redis.core.RedisHash (preferred), or consider extending one of the following types with your repository: org.springframework.data.keyvalue.repository.KeyValueRepository
2026-10-03 00:06:44 - INFO - [] - o.s.d.r.c.RepositoryConfigurationExtensionSupport - Spring Data Redis - Could not safely identify store assignment for repository candidate interface com.smartwallet.repository.WalletRepository; If you want this repository to be a Redis repository, consider annotating your entities with one of these annotations: org.springframework.data.redis.core.RedisHash (preferred), or consider extending one of the following types with your repository: org.springframework.data.keyvalue.repository.KeyValueRepository
2026-10-03 00:06:44 - INFO - [] - o.s.d.r.c.RepositoryConfigurationExtensionSupport - Spring Data Redis - Could not safely identify store assignment for repository candidate interface com.smartwallet.repository.WalletTransactionRepository; If you want this repository to be a Redis repository, consider annotating your entities with one of these annotations: org.springframework.data.redis.core.RedisHash (preferred), or consider extending one of the following types with your repository: org.springframework.data.keyvalue.repository.KeyValueRepository
2026-10-03 00:06:44 - INFO - [] - o.s.d.r.c.RepositoryConfigurationDelegate - Finished Spring Data repository scanning in 32 ms. Found 0 Redis repository interfaces.
2026-10-03 00:06:46 - INFO - [] - o.s.b.w.e.tomcat.TomcatWebServer - Tomcat initialized with port 8080 (http)
2026-10-03 00:06:46 - INFO - [] - o.a.catalina.core.StandardService - Starting service [Tomcat]
2026-10-03 00:06:46 - INFO - [] - o.a.catalina.core.StandardEngine - Starting Servlet engine: [Apache Tomcat/10.1.49]
2026-10-03 00:06:46 - INFO - [] - o.a.c.c.C.[Tomcat].[localhost].[/] - Initializing Spring embedded WebApplicationContext
2026-10-03 00:06:46 - INFO - [] - o.s.b.w.s.c.ServletWebServerApplicationContext - Root WebApplicationContext: initialization completed in 6294 ms
2026-10-03 00:06:47 - INFO - [] - o.h.jpa.internal.util.LogHelper - HHH000204: Processing PersistenceUnitInfo [name: default]
2026-10-03 00:06:48 - INFO - [] - org.hibernate.Version - HHH000412: Hibernate ORM core version 6.6.36.Final
2026-10-03 00:06:48 - INFO - [] - o.h.c.i.RegionFactoryInitiator - HHH000026: Second-level cache disabled
2026-10-03 00:06:49 - INFO - [] - o.s.o.j.p.SpringPersistenceUnitInfo - No LoadTimeWeaver setup: ignoring JPA class transformer
2026-10-03 00:06:49 - INFO - [] - com.zaxxer.hikari.HikariDataSource - HikariPool-1 - Starting...
2026-10-03 00:06:50 - INFO - [] - com.zaxxer.hikari.pool.HikariPool - HikariPool-1 - Added connection com.mysql.cj.jdbc.ConnectionImpl@106f2425
2026-10-03 00:06:50 - INFO - [] - com.zaxxer.hikari.HikariDataSource - HikariPool-1 - Start completed.
2026-10-03 00:06:50 - INFO - [] - o.hibernate.orm.connections.pooling - HHH10001005: Database info:
	Database JDBC URL [Connecting through datasource 'HikariDataSource (HikariPool-1)']
	Database driver: undefined/unknown
	Database version: 8.4.11
	Autocommit mode: undefined/unknown
	Isolation level: undefined/unknown
	Minimum pool size: undefined/unknown
	Maximum pool size: undefined/unknown
2026-10-03 00:06:52 - INFO - [] - o.h.e.t.j.p.i.JtaPlatformInitiator - HHH000489: No JTA platform available (set 'hibernate.transaction.jta.platform' to enable JTA platform integration)
2026-10-03 00:06:53 - INFO - [] - o.s.o.j.LocalContainerEntityManagerFactoryBean - Initialized JPA EntityManagerFactory for persistence unit 'default'
2026-10-03 00:06:53 - DEBUG - [] - com.smartwallet.security.JwtFilter - Filter 'jwtFilter' configured for use
2026-10-03 00:06:53 - DEBUG - [] - c.s.f.RequestResponseLoggingFilter - Filter 'requestResponseLoggingFilter' configured for use
2026-10-03 00:06:53 - INFO - [] - o.s.d.j.r.query.QueryEnhancerFactory - Hibernate is in classpath; If applicable, HQL parser will be used.
2026-10-03 00:06:56 - INFO - [] - o.s.s.c.a.a.c.InitializeUserDetailsBeanManagerConfigurer$InitializeUserDetailsManagerConfigurer - Global AuthenticationManager configured with UserDetailsService bean with name customUserDetailsService
2026-10-03 00:06:57 - INFO - [] - o.s.b.a.e.web.EndpointLinksResolver - Exposing 3 endpoints beneath base path '/actuator'
2026-10-03 00:06:59 - INFO - [] - o.s.b.w.e.tomcat.TomcatWebServer - Tomcat started on port 8080 (http) with context path '/'
2026-10-03 00:07:00 - INFO - [] - c.s.SmartwalletRestApiApplication - Started SmartwalletRestApiApplication in 21.888 seconds (process running for 22.902)
2026-10-03 00:09:51 - INFO - [] - o.a.c.c.C.[Tomcat].[localhost].[/] - Initializing Spring DispatcherServlet 'dispatcherServlet'
2026-10-03 00:09:51 - INFO - [] - o.s.web.servlet.DispatcherServlet - Initializing Servlet 'dispatcherServlet'
2026-10-03 00:09:51 - INFO - [] - o.s.web.servlet.DispatcherServlet - Completed initialization in 99 ms
2026-10-03 00:09:51 - INFO - [3f0a71a0-eaf7-4de5-acf2-02e39c181a22] - c.s.f.RequestResponseLoggingFilter - Request started: POST /api/auth/login
2026-10-03 00:09:52 - INFO - [3f0a71a0-eaf7-4de5-acf2-02e39c181a22] - com.smartwallet.service.AuthService - Login request received
2026-10-03 00:09:52 - INFO - [3f0a71a0-eaf7-4de5-acf2-02e39c181a22] - com.smartwallet.service.AuthService - Login successful
2026-10-03 00:09:53 - INFO - [3f0a71a0-eaf7-4de5-acf2-02e39c181a22] - c.s.f.RequestResponseLoggingFilter - Request completed: POST /api/auth/login - Status: 200 - Duration: 1735 ms
2026-10-03 00:12:54 - INFO - [ad4d75b2-37b2-4f08-89a2-5c1004d3f0ba] - c.s.f.RequestResponseLoggingFilter - Request started: GET /api/wallet/me
2026-10-03 00:12:55 - INFO - [ad4d75b2-37b2-4f08-89a2-5c1004d3f0ba] - c.smartwallet.service.WalletService - Fetching wallet from MySQL
2026-10-03 00:12:55 - INFO - [ad4d75b2-37b2-4f08-89a2-5c1004d3f0ba] - c.smartwallet.service.WalletService - Wallet fetched successfully
2026-10-03 00:12:56 - INFO - [ad4d75b2-37b2-4f08-89a2-5c1004d3f0ba] - c.s.f.RequestResponseLoggingFilter - Request completed: GET /api/wallet/me - Status: 200 - Duration: 2095 ms
2026-10-03 00:50:47 - INFO - [4f110d27-5d13-4475-9c8f-9ee35dc83b62] - c.s.f.RequestResponseLoggingFilter - Request started: POST /api/wallet/transfer
2026-10-03 00:50:48 - INFO - [4f110d27-5d13-4475-9c8f-9ee35dc83b62] - c.s.f.RequestResponseLoggingFilter - Request completed: POST /api/wallet/transfer - Status: 400 - Duration: 393 ms
2026-10-03 00:51:38 - INFO - [fdbebdf8-fa33-44d5-b277-e07b1a9156bd] - c.s.f.RequestResponseLoggingFilter - Request started: POST /api/auth/login
2026-10-03 00:51:38 - INFO - [fdbebdf8-fa33-44d5-b277-e07b1a9156bd] - com.smartwallet.service.AuthService - Login request received
2026-10-03 00:51:38 - INFO - [fdbebdf8-fa33-44d5-b277-e07b1a9156bd] - com.smartwallet.service.AuthService - Login successful
2026-10-03 00:51:38 - INFO - [fdbebdf8-fa33-44d5-b277-e07b1a9156bd] - c.s.f.RequestResponseLoggingFilter - Request completed: POST /api/auth/login - Status: 200 - Duration: 342 ms
2026-10-03 00:52:37 - INFO - [2047586b-66bd-4af0-b25a-963fc3be11a9] - c.s.f.RequestResponseLoggingFilter - Request started: POST /api/wallet/transfer
2026-10-03 00:52:38 - INFO - [2047586b-66bd-4af0-b25a-963fc3be11a9] - c.s.f.RequestResponseLoggingFilter - Request completed: POST /api/wallet/transfer - Status: 400 - Duration: 65 ms
2026-10-03 00:52:48 - INFO - [ab0d63f8-025d-4f4e-8861-2be24ba8c7ee] - c.s.f.RequestResponseLoggingFilter - Request started: POST /api/wallet/transfer
2026-10-03 00:52:49 - INFO - [ab0d63f8-025d-4f4e-8861-2be24ba8c7ee] - c.s.f.RequestResponseLoggingFilter - Request completed: POST /api/wallet/transfer - Status: 400 - Duration: 25 ms
2026-10-03 00:53:04 - INFO - [3a41b1a0-58cb-42ae-917f-14ef783ae9c1] - c.s.f.RequestResponseLoggingFilter - Request started: POST /api/wallet/transfer
2026-10-03 00:53:04 - INFO - [3a41b1a0-58cb-42ae-917f-14ef783ae9c1] - c.s.f.RequestResponseLoggingFilter - Request completed: POST /api/wallet/transfer - Status: 400 - Duration: 162 ms
2026-10-03 00:53:14 - INFO - [8afa21b1-b72a-4096-badc-df58f6416fa0] - c.s.f.RequestResponseLoggingFilter - Request started: POST /api/wallet/transfer
2026-10-03 00:53:14 - INFO - [8afa21b1-b72a-4096-badc-df58f6416fa0] - c.s.f.RequestResponseLoggingFilter - Request completed: POST /api/wallet/transfer - Status: 400 - Duration: 22 ms
2026-10-03 01:02:16 - INFO - [] - c.s.c.WalletControllerIntegrationTest - Starting WalletControllerIntegrationTest using Java 17.0.20.1 with PID 7244 (started by DELL in C:\Projects\Neurowallet-fintech-backend)
2026-10-03 01:02:16 - DEBUG - [] - c.s.c.WalletControllerIntegrationTest - Running with Spring Boot v3.4.12, Spring v6.2.14
2026-10-03 01:02:16 - INFO - [] - c.s.c.WalletControllerIntegrationTest - No active profile set, falling back to 1 default profile: "default"
2026-10-03 01:02:20 - INFO - [] - o.s.d.r.c.RepositoryConfigurationDelegate - Multiple Spring Data modules found, entering strict repository configuration mode
2026-10-03 01:02:20 - INFO - [] - o.s.d.r.c.RepositoryConfigurationDelegate - Bootstrapping Spring Data JPA repositories in DEFAULT mode.
2026-10-03 01:02:21 - INFO - [] - o.s.d.r.c.RepositoryConfigurationDelegate - Finished Spring Data repository scanning in 485 ms. Found 10 JPA repository interfaces.
2026-10-03 01:02:21 - INFO - [] - o.s.d.r.c.RepositoryConfigurationDelegate - Multiple Spring Data modules found, entering strict repository configuration mode
2026-10-03 01:02:21 - INFO - [] - o.s.d.r.c.RepositoryConfigurationDelegate - Bootstrapping Spring Data Redis repositories in DEFAULT mode.
2026-10-03 01:02:21 - INFO - [] - o.s.d.r.c.RepositoryConfigurationExtensionSupport - Spring Data Redis - Could not safely identify store assignment for repository candidate interface com.smartwallet.repository.AuditLogRepository; If you want this repository to be a Redis repository, consider annotating your entities with one of these annotations: org.springframework.data.redis.core.RedisHash (preferred), or consider extending one of the following types with your repository: org.springframework.data.keyvalue.repository.KeyValueRepository
2026-10-03 01:02:21 - INFO - [] - o.s.d.r.c.RepositoryConfigurationExtensionSupport - Spring Data Redis - Could not safely identify store assignment for repository candidate interface com.smartwallet.repository.NotificationRepository; If you want this repository to be a Redis repository, consider annotating your entities with one of these annotations: org.springframework.data.redis.core.RedisHash (preferred), or consider extending one of the following types with your repository: org.springframework.data.keyvalue.repository.KeyValueRepository
2026-10-03 01:02:21 - INFO - [] - o.s.d.r.c.RepositoryConfigurationExtensionSupport - Spring Data Redis - Could not safely identify store assignment for repository candidate interface com.smartwallet.repository.OtpRepository; If you want this repository to be a Redis repository, consider annotating your entities with one of these annotations: org.springframework.data.redis.core.RedisHash (preferred), or consider extending one of the following types with your repository: org.springframework.data.keyvalue.repository.KeyValueRepository
2026-10-03 01:02:21 - INFO - [] - o.s.d.r.c.RepositoryConfigurationExtensionSupport - Spring Data Redis - Could not safely identify store assignment for repository candidate interface com.smartwallet.repository.PasswordResetTokenRepository; If you want this repository to be a Redis repository, consider annotating your entities with one of these annotations: org.springframework.data.redis.core.RedisHash (preferred), or consider extending one of the following types with your repository: org.springframework.data.keyvalue.repository.KeyValueRepository
2026-10-03 01:02:21 - INFO - [] - o.s.d.r.c.RepositoryConfigurationExtensionSupport - Spring Data Redis - Could not safely identify store assignment for repository candidate interface com.smartwallet.repository.RefreshTokenRepository; If you want this repository to be a Redis repository, consider annotating your entities with one of these annotations: org.springframework.data.redis.core.RedisHash (preferred), or consider extending one of the following types with your repository: org.springframework.data.keyvalue.repository.KeyValueRepository
2026-10-03 01:02:21 - INFO - [] - o.s.d.r.c.RepositoryConfigurationExtensionSupport - Spring Data Redis - Could not safely identify store assignment for repository candidate interface com.smartwallet.repository.ScheduledTransactionRepository; If you want this repository to be a Redis repository, consider annotating your entities with one of these annotations: org.springframework.data.redis.core.RedisHash (preferred), or consider extending one of the following types with your repository: org.springframework.data.keyvalue.repository.KeyValueRepository
2026-10-03 01:02:21 - INFO - [] - o.s.d.r.c.RepositoryConfigurationExtensionSupport - Spring Data Redis - Could not safely identify store assignment for repository candidate interface com.smartwallet.repository.TransactionRepository; If you want this repository to be a Redis repository, consider annotating your entities with one of these annotations: org.springframework.data.redis.core.RedisHash (preferred), or consider extending one of the following types with your repository: org.springframework.data.keyvalue.repository.KeyValueRepository
2026-10-03 01:02:21 - INFO - [] - o.s.d.r.c.RepositoryConfigurationExtensionSupport - Spring Data Redis - Could not safely identify store assignment for repository candidate interface com.smartwallet.repository.UserRepository; If you want this repository to be a Redis repository, consider annotating your entities with one of these annotations: org.springframework.data.redis.core.RedisHash (preferred), or consider extending one of the following types with your repository: org.springframework.data.keyvalue.repository.KeyValueRepository
2026-10-03 01:02:21 - INFO - [] - o.s.d.r.c.RepositoryConfigurationExtensionSupport - Spring Data Redis - Could not safely identify store assignment for repository candidate interface com.smartwallet.repository.WalletRepository; If you want this repository to be a Redis repository, consider annotating your entities with one of these annotations: org.springframework.data.redis.core.RedisHash (preferred), or consider extending one of the following types with your repository: org.springframework.data.keyvalue.repository.KeyValueRepository
2026-10-03 01:02:21 - INFO - [] - o.s.d.r.c.RepositoryConfigurationExtensionSupport - Spring Data Redis - Could not safely identify store assignment for repository candidate interface com.smartwallet.repository.WalletTransactionRepository; If you want this repository to be a Redis repository, consider annotating your entities with one of these annotations: org.springframework.data.redis.core.RedisHash (preferred), or consider extending one of the following types with your repository: org.springframework.data.keyvalue.repository.KeyValueRepository
2026-10-03 01:02:21 - INFO - [] - o.s.d.r.c.RepositoryConfigurationDelegate - Finished Spring Data repository scanning in 47 ms. Found 0 Redis repository interfaces.
2026-10-03 01:02:24 - INFO - [] - o.h.jpa.internal.util.LogHelper - HHH000204: Processing PersistenceUnitInfo [name: default]
2026-10-03 01:02:24 - INFO - [] - org.hibernate.Version - HHH000412: Hibernate ORM core version 6.6.36.Final
2026-10-03 01:02:24 - INFO - [] - o.h.c.i.RegionFactoryInitiator - HHH000026: Second-level cache disabled
2026-10-03 01:02:25 - INFO - [] - o.s.o.j.p.SpringPersistenceUnitInfo - No LoadTimeWeaver setup: ignoring JPA class transformer
2026-10-03 01:02:25 - INFO - [] - com.zaxxer.hikari.HikariDataSource - HikariPool-1 - Starting...
2026-10-03 01:02:25 - INFO - [] - com.zaxxer.hikari.pool.HikariPool - HikariPool-1 - Added connection com.mysql.cj.jdbc.ConnectionImpl@5b8b9b2d
2026-10-03 01:02:25 - INFO - [] - com.zaxxer.hikari.HikariDataSource - HikariPool-1 - Start completed.
2026-10-03 01:02:26 - INFO - [] - o.hibernate.orm.connections.pooling - HHH10001005: Database info:
	Database JDBC URL [Connecting through datasource 'HikariDataSource (HikariPool-1)']
	Database driver: undefined/unknown
	Database version: 8.4.11
	Autocommit mode: undefined/unknown
	Isolation level: undefined/unknown
	Minimum pool size: undefined/unknown
	Maximum pool size: undefined/unknown
2026-10-03 01:02:28 - INFO - [] - o.h.e.t.j.p.i.JtaPlatformInitiator - HHH000489: No JTA platform available (set 'hibernate.transaction.jta.platform' to enable JTA platform integration)
2026-10-03 01:02:28 - INFO - [] - o.s.o.j.LocalContainerEntityManagerFactoryBean - Initialized JPA EntityManagerFactory for persistence unit 'default'
2026-10-03 01:02:29 - INFO - [] - o.s.d.j.r.query.QueryEnhancerFactory - Hibernate is in classpath; If applicable, HQL parser will be used.
2026-10-03 01:02:33 - INFO - [] - o.s.s.c.a.a.c.InitializeUserDetailsBeanManagerConfigurer$InitializeUserDetailsManagerConfigurer - Global AuthenticationManager configured with UserDetailsService bean with name customUserDetailsService
2026-10-03 01:02:33 - INFO - [] - o.s.b.a.e.web.EndpointLinksResolver - Exposing 3 endpoints beneath base path '/actuator'
2026-10-03 01:02:35 - DEBUG - [] - c.s.f.RequestResponseLoggingFilter - Filter 'requestResponseLoggingFilter' configured for use
2026-10-03 01:02:35 - DEBUG - [] - com.smartwallet.security.JwtFilter - Filter 'jwtFilter' configured for use
2026-10-03 01:02:35 - INFO - [] - o.s.b.t.m.w.SpringBootMockServletContext - Initializing Spring TestDispatcherServlet ''
2026-10-03 01:02:35 - INFO - [] - o.s.t.w.s.TestDispatcherServlet - Initializing Servlet ''
2026-10-03 01:02:35 - INFO - [] - o.s.t.w.s.TestDispatcherServlet - Completed initialization in 3 ms
2026-10-03 01:02:36 - INFO - [] - c.s.c.WalletControllerIntegrationTest - Started WalletControllerIntegrationTest in 20.735 seconds (process running for 23.687)
2026-10-03 01:02:39 - INFO - [a21685e4-6a5e-4d2f-bf6b-1e216479efad] - c.s.f.RequestResponseLoggingFilter - Request started: POST /api/wallet/add-money
2026-10-03 01:02:39 - INFO - [a21685e4-6a5e-4d2f-bf6b-1e216479efad] - c.smartwallet.service.WalletService - Add money request received for user: testuser@gmail.com, amount: 500
2026-10-03 01:02:39 - DEBUG - [a21685e4-6a5e-4d2f-bf6b-1e216479efad] - c.s.service.WalletCacheService - Wallet cache cleared for user: testuser@gmail.com
2026-10-03 01:02:40 - INFO - [a21685e4-6a5e-4d2f-bf6b-1e216479efad] - c.smartwallet.service.WalletService - Money added successfully for user: testuser@gmail.com, new balance: 28500.00
2026-10-03 01:02:40 - INFO - [a21685e4-6a5e-4d2f-bf6b-1e216479efad] - c.s.f.RequestResponseLoggingFilter - Request completed: POST /api/wallet/add-money - Status: 200 - Duration: 1880 ms
2026-10-03 01:02:40 - INFO - [] - o.s.t.c.s.AnnotationConfigContextLoaderUtils - Could not detect default configuration classes for test class [com.smartwallet.integration.AuthControllerIntegrationTest]: AuthControllerIntegrationTest does not declare any static, non-private, non-final, nested classes annotated with @Configuration.
2026-10-03 01:02:41 - INFO - [] - o.s.b.t.c.SpringBootTestContextBootstrapper - Found @SpringBootConfiguration com.smartwallet.SmartwalletRestApiApplication for test class com.smartwallet.integration.AuthControllerIntegrationTest
2026-10-03 01:02:41 - INFO - [6e5a1608-9212-47b7-af82-9f05661cd84e] - c.s.f.RequestResponseLoggingFilter - Request started: POST /api/wallet/add-money
2026-10-03 01:02:41 - INFO - [6e5a1608-9212-47b7-af82-9f05661cd84e] - c.smartwallet.service.WalletService - Add money request received for user: integration@test.com, amount: 500
2026-10-03 01:02:41 - DEBUG - [6e5a1608-9212-47b7-af82-9f05661cd84e] - c.s.service.WalletCacheService - Wallet cache cleared for user: integration@test.com
2026-10-03 01:02:41 - INFO - [6e5a1608-9212-47b7-af82-9f05661cd84e] - c.smartwallet.service.WalletService - Money added successfully for user: integration@test.com, new balance: 25400.00
2026-10-03 01:02:41 - INFO - [6e5a1608-9212-47b7-af82-9f05661cd84e] - c.s.f.RequestResponseLoggingFilter - Request completed: POST /api/wallet/add-money - Status: 200 - Duration: 69 ms
2026-10-03 01:02:41 - INFO - [e7fa5475-ac29-4f11-a1d7-c655b1ee3f0a] - c.s.f.RequestResponseLoggingFilter - Request started: GET /swagger-ui/index.html
2026-10-03 01:02:41 - INFO - [e7fa5475-ac29-4f11-a1d7-c655b1ee3f0a] - c.s.f.RequestResponseLoggingFilter - Request completed: GET /swagger-ui/index.html - Status: 200 - Duration: 111 ms
2026-10-03 01:02:41 - INFO - [] - o.s.t.c.s.AnnotationConfigContextLoaderUtils - Could not detect default configuration classes for test class [com.smartwallet.integration.LoginControllerIntegrationTest]: LoginControllerIntegrationTest does not declare any static, non-private, non-final, nested classes annotated with @Configuration.
2026-10-03 01:02:41 - INFO - [] - o.s.b.t.c.SpringBootTestContextBootstrapper - Found @SpringBootConfiguration com.smartwallet.SmartwalletRestApiApplication for test class com.smartwallet.integration.LoginControllerIntegrationTest
2026-10-03 01:02:41 - INFO - [0f4fa6aa-0e28-4dc6-957c-c0ca9c874e16] - c.s.f.RequestResponseLoggingFilter - Request started: POST /api/auth/login
2026-10-03 01:02:41 - INFO - [0f4fa6aa-0e28-4dc6-957c-c0ca9c874e16] - com.smartwallet.service.AuthService - Login request received
2026-10-03 01:02:41 - INFO - [0f4fa6aa-0e28-4dc6-957c-c0ca9c874e16] - com.smartwallet.service.AuthService - Login successful
2026-10-03 01:02:41 - INFO - [0f4fa6aa-0e28-4dc6-957c-c0ca9c874e16] - c.s.f.RequestResponseLoggingFilter - Request completed: POST /api/auth/login - Status: 200 - Duration: 520 ms
2026-10-03 01:02:42 - INFO - [] - o.s.t.c.s.AnnotationConfigContextLoaderUtils - Could not detect default configuration classes for test class [com.smartwallet.integration.TransactionControllerIntegrationTest]: TransactionControllerIntegrationTest does not declare any static, non-private, non-final, nested classes annotated with @Configuration.
2026-10-03 01:02:42 - INFO - [] - o.s.b.t.c.SpringBootTestContextBootstrapper - Found @SpringBootConfiguration com.smartwallet.SmartwalletRestApiApplication for test class com.smartwallet.integration.TransactionControllerIntegrationTest
2026-10-03 01:02:42 - INFO - [930a7ca7-ef73-44fd-8499-ab4e1b211798] - c.s.f.RequestResponseLoggingFilter - Request started: POST /api/transactions/send
2026-10-03 01:02:42 - INFO - [930a7ca7-ef73-44fd-8499-ab4e1b211798] - c.s.service.TransactionService - Transaction processing started
2026-10-03 01:02:42 - INFO - [930a7ca7-ef73-44fd-8499-ab4e1b211798] - c.s.service.TransactionService - Transaction saved with PENDING status
2026-10-03 01:02:42 - INFO - [930a7ca7-ef73-44fd-8499-ab4e1b211798] - c.s.service.TransactionService - Wallet balances updated successfully for sender and receiver
2026-10-03 01:02:42 - INFO - [930a7ca7-ef73-44fd-8499-ab4e1b211798] - c.s.service.TransactionService - Transaction status updated to SUCCESS
2026-10-03 01:02:42 - DEBUG - [930a7ca7-ef73-44fd-8499-ab4e1b211798] - c.s.service.WalletCacheService - Wallet cache cleared for user: integration@test.com
2026-10-03 01:02:42 - DEBUG - [930a7ca7-ef73-44fd-8499-ab4e1b211798] - c.s.service.WalletCacheService - Wallet cache cleared for user: rahul@gmail.com
2026-10-03 01:02:42 - INFO - [930a7ca7-ef73-44fd-8499-ab4e1b211798] - c.s.service.TransactionService - Wallet cache cleared for sender and receiver
2026-10-03 01:02:42 - INFO - [930a7ca7-ef73-44fd-8499-ab4e1b211798] - c.s.kafka.TransactionEventProducer - Preparing Kafka transaction event for publishing
2026-10-03 01:02:42 - INFO - [930a7ca7-ef73-44fd-8499-ab4e1b211798] - c.s.f.RequestResponseLoggingFilter - Request completed: POST /api/transactions/send - Status: 200 - Duration: 701 ms
2026-10-03 01:02:43 - INFO - [b1dc3eb3-0f84-47ed-8c4a-7bd0ad885104] - c.s.f.RequestResponseLoggingFilter - Request started: GET /api/transactions/history
2026-10-03 01:02:43 - INFO - [b1dc3eb3-0f84-47ed-8c4a-7bd0ad885104] - c.s.service.TransactionService - Fetching transaction history. Page: 0, Size: 5
2026-10-03 01:02:43 - WARN - [b1dc3eb3-0f84-47ed-8c4a-7bd0ad885104] - o.s.d.w.c.SpringDataJacksonConfiguration$PageModule$WarningLoggingModifier - Serializing PageImpl instances as-is is not supported, meaning that there is no guarantee about the stability of the resulting JSON structure!
	For a stable JSON structure, please use Spring Data's PagedModel (globally via @EnableSpringDataWebSupport(pageSerializationMode = VIA_DTO))
	or Spring HATEOAS and Spring Data's PagedResourcesAssembler as documented in https://docs.spring.io/spring-data/commons/reference/repositories/core-extensions.html#core.web.pageables.

2026-10-03 01:02:43 - INFO - [b1dc3eb3-0f84-47ed-8c4a-7bd0ad885104] - c.s.f.RequestResponseLoggingFilter - Request completed: GET /api/transactions/history - Status: 200 - Duration: 632 ms
2026-10-03 01:02:43 - INFO - [] - c.s.kafka.TransactionEventProducer - Kafka transaction event published successfully. Topic: transaction-events, Partition: 0, Offset: 7
2026-10-03 01:02:43 - INFO - [] - c.s.service.TransactionService - Transaction event successfully published to Kafka
2026-10-03 01:02:44 - INFO - [] - o.s.t.c.s.AnnotationConfigContextLoaderUtils - Could not detect default configuration classes for test class [com.smartwallet.integration.UserControllerIntegrationTest]: UserControllerIntegrationTest does not declare any static, non-private, non-final, nested classes annotated with @Configuration.
2026-10-03 01:02:44 - INFO - [] - o.s.b.t.c.SpringBootTestContextBootstrapper - Found @SpringBootConfiguration com.smartwallet.SmartwalletRestApiApplication for test class com.smartwallet.integration.UserControllerIntegrationTest
2026-10-03 01:02:44 - INFO - [2da52f8a-db83-4f44-b26b-fe06dc721c6e] - c.s.f.RequestResponseLoggingFilter - Request started: POST /api/users/register
2026-10-03 01:02:44 - INFO - [2da52f8a-db83-4f44-b26b-fe06dc721c6e] - c.s.f.RequestResponseLoggingFilter - Request completed: POST /api/users/register - Status: 200 - Duration: 118 ms
2026-10-03 01:02:46 - INFO - [] - c.s.kafka.TransactionEventConsumer - Kafka event received from transaction-events topic
2026-10-03 01:02:46 - INFO - [] - c.s.kafka.TransactionEventConsumer - Received Kafka message: {"senderEmail":"integration@test.com","receiverEmail":"rahul@gmail.com","amount":100,"status":"SUCCESS","timestamp":"2026-10-03T01:02:42.3808321"}
2026-10-03 01:02:46 - INFO - [] - c.s.kafka.TransactionEventConsumer - Notification service processed transaction event successfully
2026-10-03 01:02:48 - INFO - [] - o.s.o.j.LocalContainerEntityManagerFactoryBean - Closing JPA EntityManagerFactory for persistence unit 'default'
2026-10-03 01:02:48 - INFO - [] - com.zaxxer.hikari.HikariDataSource - HikariPool-1 - Shutdown initiated...
2026-10-03 01:02:48 - INFO - [] - com.zaxxer.hikari.HikariDataSource - HikariPool-1 - Shutdown completed.
